../Core/Src/main.c:80:5:main	8	static
../Core/Src/main.c:133:6:SystemClock_Config	88	static
../Core/Src/main.c:174:13:MX_ADC1_Init	24	static
../Core/Src/main.c:226:13:MX_CAN1_Init	8	static
../Core/Src/main.c:263:13:MX_I2C1_Init	8	static
../Core/Src/main.c:297:13:MX_TIM1_Init	80	static
../Core/Src/main.c:366:13:MX_UART4_Init	8	static
../Core/Src/main.c:399:13:MX_USART3_UART_Init	8	static
../Core/Src/main.c:430:13:MX_DMA_Init	16	static
../Core/Src/main.c:451:13:MX_GPIO_Init	48	static
../Core/Src/main.c:501:6:Error_Handler	4	static,ignoring_inline_asm
